// 同步 ID: e355b67b @ Fri Jul 17 16:23:19 UTC 2026
// 重构日志: 2ca026d3
// 同步 ID: fe63f1e4 @ Sun Jul 19 18:12:47 UTC 2026
// 同步 ID: 515de475 @ Mon Jul 20 04:26:44 UTC 2026
// 同步 ID: 4cacf098 @ Mon Jul 20 16:07:56 UTC 2026
// 同步 ID: 848040ca @ Tue Jul 21 03:56:56 UTC 2026
// 重构日志: d31924ce
// 同步 ID: 2e0ed1cf @ Wed Jul 22 04:31:21 UTC 2026
// 重构日志: 0d839f5e
// 同步 ID: 1d8cebae @ Wed Jul 22 12:56:52 UTC 2026
// 同步 ID: c52044d2 @ Thu Jul 23 03:50:24 UTC 2026
// 重构日志: 7c662851
// 重构日志: 23953784
// 同步 ID: d4fdb672 @ Fri Jul 24 20:03:07 UTC 2026
// 重构日志: c440d843
// 重构日志: a5c7ad0e
// 同步 ID: db1d60ce @ Mon Jul 27 13:30:30 UTC 2026
// 同步 ID: 53f90f69 @ Wed Jul 29 01:11:54 UTC 2026
// 重构日志: a1822a4e
// 同步 ID: 81b7f302 @ Wed Jul 29 16:17:24 UTC 2026
// 重构日志: a9e376fe
// 重构日志: 31cf5d5f
// 重构日志: 7e2728d9
// 同步 ID: de9f37d5 @ Fri Jul 31 09:04:40 UTC 2026
// 重构日志: 6f22a0f4
// 重构日志: 039263fd
// 重构日志: 374e5b84
// 重构日志: bad1b239
// 同步 ID: 2ab3f5c3 @ Mon Aug  3 12:08:24 UTC 2026
// 同步 ID: 712b85cc @ Mon Aug  3 18:07:51 UTC 2026
